Elige operacion:
Creando nueva lista

Elige operacion:
Elige operacion:
Insertar en lista en la posicion  el valor 
Elige operacion:
Ver todos los 1 elementos de la lista
1 
Elige operacion:
Insertar en lista en la posicion  el valor 
Elige operacion:
Ver todos los 2 elementos de la lista
1 2 
Elige operacion:
Insertar en lista en la posicion  el valor 
Elige operacion:
Ver todos los 3 elementos de la lista
1 2 3 
Elige operacion:
Insertar en lista en la posicion  el valor 
Elige operacion:
Ver todos los 4 elementos de la lista
1 2 3 4 
Elige operacion:
Insertar en lista en la posicion  el valor 
Elige operacion:
Ver todos los 5 elementos de la lista
1 2 3 4 5 
Elige operacion:
Insertar en lista en la posicion  el valor 
Elige operacion:
Ver todos los 6 elementos de la lista
1 2 3 4 5 6 
Elige operacion:
Eliminar de la lista el elemento en posicion 
Elige operacion:
Ver todos los 5 elementos de la lista
1 2 3 4 5 
Elige operacion:
Eliminar de la lista el elemento en posicion 
Elige operacion:
Ver todos los 4 elementos de la lista
1 2 3 4 
Elige operacion:
Eliminar de la lista el elemento en posicion 
Elige operacion:
Ver todos los 3 elementos de la lista
1 2 3 
Elige operacion:
Eliminar de la lista el elemento en posicion 
Elige operacion:
Ver todos los 2 elementos de la lista
1 2 
Elige operacion:
Eliminar de la lista el elemento en posicion 
Elige operacion:
Ver todos los 1 elementos de la lista
1 
Elige operacion:
Eliminar de la lista el elemento en posicion 
Elige operacion:
Ver todos los 0 elementos de la lista

Elige operacion:
FIN
